int mix;
    mix = mix +  ff(10);
    mix = gb + mix;
    mix = gf + mix;
    gs = gs + gs ;
    bool mb = check() + check();
    f(10,10,10);
    gs = f(10,10.5, gs);
    TypeOf(mix + ff(10));